Archive member included because of file (symbol)

/usr/local/Cellar/avr-gcc/4.8.3/lib/gcc/avr/4.8.3/avr5/libgcc.a(_exit.o)
                              /usr/local/Cellar/avr-gcc/4.8.3/lib/gcc/avr/4.8.3/../../../../avr/lib/avr5/crtm32u4.o (exit)

Memory Configuration

Name             Origin             Length             Attributes
text             0x0000000000000000 0x0000000000020000 xr
data             0x0000000000800060 0x000000000000ffa0 rw !x
eeprom           0x0000000000810000 0x0000000000010000 rw !x
fuse             0x0000000000820000 0x0000000000000400 rw !x
lock             0x0000000000830000 0x0000000000000400 rw !x
signature        0x0000000000840000 0x0000000000000400 rw !x
*default*        0x0000000000000000 0xffffffffffffffff

Linker script and memory map

Address of section .data set to 0x800100
LOAD /usr/local/Cellar/avr-gcc/4.8.3/lib/gcc/avr/4.8.3/../../../../avr/lib/avr5/crtm32u4.o
LOAD Builds/main.o
LOAD /usr/local/Cellar/avr-gcc/4.8.3/lib/gcc/avr/4.8.3/../../../../avr/lib/avr5/libm.a
START GROUP
LOAD /usr/local/Cellar/avr-gcc/4.8.3/lib/gcc/avr/4.8.3/avr5/libgcc.a
LOAD /usr/local/Cellar/avr-gcc/4.8.3/lib/gcc/avr/4.8.3/../../../../avr/lib/avr5/libm.a
LOAD /usr/local/Cellar/avr-gcc/4.8.3/lib/gcc/avr/4.8.3/../../../../avr/lib/avr5/libc.a
END GROUP

.hash
 *(.hash)

.dynsym
 *(.dynsym)

.dynstr
 *(.dynstr)

.gnu.version
 *(.gnu.version)

.gnu.version_d
 *(.gnu.version_d)

.gnu.version_r
 *(.gnu.version_r)

.rel.init
 *(.rel.init)

.rela.init
 *(.rela.init)

.rel.text
 *(.rel.text)
 *(.rel.text.*)
 *(.rel.gnu.linkonce.t*)

.rela.text
 *(.rela.text)
 *(.rela.text.*)
 *(.rela.gnu.linkonce.t*)

.rel.fini
 *(.rel.fini)

.rela.fini
 *(.rela.fini)

.rel.rodata
 *(.rel.rodata)
 *(.rel.rodata.*)
 *(.rel.gnu.linkonce.r*)

.rela.rodata
 *(.rela.rodata)
 *(.rela.rodata.*)
 *(.rela.gnu.linkonce.r*)

.rel.data
 *(.rel.data)
 *(.rel.data.*)
 *(.rel.gnu.linkonce.d*)

.rela.data
 *(.rela.data)
 *(.rela.data.*)
 *(.rela.gnu.linkonce.d*)

.rel.ctors
 *(.rel.ctors)

.rela.ctors
 *(.rela.ctors)

.rel.dtors
 *(.rel.dtors)

.rela.dtors
 *(.rela.dtors)

.rel.got
 *(.rel.got)

.rela.got
 *(.rela.got)

.rel.bss
 *(.rel.bss)

.rela.bss
 *(.rela.bss)

.rel.plt
 *(.rel.plt)

.rela.plt
 *(.rela.plt)

.text           0x0000000000000000       0xcc
 *(.vectors)
 .vectors       0x0000000000000000       0xac /usr/local/Cellar/avr-gcc/4.8.3/lib/gcc/avr/4.8.3/../../../../avr/lib/avr5/crtm32u4.o
                0x0000000000000000                __vectors
                0x0000000000000000                __vector_default
 *(.vectors)
 *(.progmem.gcc*)
                0x00000000000000ac                . = ALIGN (0x2)
                0x00000000000000ac                __trampolines_start = .
 *(.trampolines)
 .trampolines   0x00000000000000ac        0x0 linker stubs
 *(.trampolines*)
                0x00000000000000ac                __trampolines_end = .
 *(.progmem*)
                0x00000000000000ac                . = ALIGN (0x2)
 *(.jumptables)
 *(.jumptables*)
 *(.lowtext)
 *(.lowtext*)
                0x00000000000000ac                __ctors_start = .
 *(.ctors)
                0x00000000000000ac                __ctors_end = .
                0x00000000000000ac                __dtors_start = .
 *(.dtors)
                0x00000000000000ac                __dtors_end = .
 SORT(*)(.ctors)
 SORT(*)(.dtors)
 *(.init0)
 .init0         0x00000000000000ac        0x0 /usr/local/Cellar/avr-gcc/4.8.3/lib/gcc/avr/4.8.3/../../../../avr/lib/avr5/crtm32u4.o
                0x00000000000000ac                __init
 *(.init0)
 *(.init1)
 *(.init1)
 *(.init2)
 .init2         0x00000000000000ac        0xc /usr/local/Cellar/avr-gcc/4.8.3/lib/gcc/avr/4.8.3/../../../../avr/lib/avr5/crtm32u4.o
 *(.init2)
 *(.init3)
 *(.init3)
 *(.init4)
 *(.init4)
 *(.init5)
 *(.init5)
 *(.init6)
 *(.init6)
 *(.init7)
 *(.init7)
 *(.init8)
 *(.init8)
 *(.init9)
 .init9         0x00000000000000b8        0x8 /usr/local/Cellar/avr-gcc/4.8.3/lib/gcc/avr/4.8.3/../../../../avr/lib/avr5/crtm32u4.o
 *(.init9)
 *(.text)
 .text          0x00000000000000c0        0x4 /usr/local/Cellar/avr-gcc/4.8.3/lib/gcc/avr/4.8.3/../../../../avr/lib/avr5/crtm32u4.o
                0x00000000000000c0                __vector_42
                0x00000000000000c0                __vector_22
                0x00000000000000c0                __vector_28
                0x00000000000000c0                __vector_1
                0x00000000000000c0                __vector_32
                0x00000000000000c0                __vector_34
                0x00000000000000c0                __vector_24
                0x00000000000000c0                __vector_12
                0x00000000000000c0                __bad_interrupt
                0x00000000000000c0                __vector_6
                0x00000000000000c0                __vector_31
                0x00000000000000c0                __vector_35
                0x00000000000000c0                __vector_39
                0x00000000000000c0                __vector_3
                0x00000000000000c0                __vector_23
                0x00000000000000c0                __vector_30
                0x00000000000000c0                __vector_25
                0x00000000000000c0                __vector_11
                0x00000000000000c0                __vector_13
                0x00000000000000c0                __vector_17
                0x00000000000000c0                __vector_19
                0x00000000000000c0                __vector_7
                0x00000000000000c0                __vector_41
                0x00000000000000c0                __vector_27
                0x00000000000000c0                __vector_5
                0x00000000000000c0                __vector_33
                0x00000000000000c0                __vector_37
                0x00000000000000c0                __vector_4
                0x00000000000000c0                __vector_9
                0x00000000000000c0                __vector_2
                0x00000000000000c0                __vector_21
                0x00000000000000c0                __vector_15
                0x00000000000000c0                __vector_36
                0x00000000000000c0                __vector_29
                0x00000000000000c0                __vector_40
                0x00000000000000c0                __vector_8
                0x00000000000000c0                __vector_26
                0x00000000000000c0                __vector_14
                0x00000000000000c0                __vector_10
                0x00000000000000c0                __vector_16
                0x00000000000000c0                __vector_18
                0x00000000000000c0                __vector_20
                0x00000000000000c0                __vector_38
 .text          0x00000000000000c4        0x2 Builds/main.o
                0x00000000000000c4                initIO
 .text          0x00000000000000c6        0x0 /usr/local/Cellar/avr-gcc/4.8.3/lib/gcc/avr/4.8.3/avr5/libgcc.a(_exit.o)
                0x00000000000000c6                . = ALIGN (0x2)
 *(.text.*)
 .text.startup  0x00000000000000c6        0x2 Builds/main.o
                0x00000000000000c6                main
 .text.libgcc.mul
                0x00000000000000c8        0x0 /usr/local/Cellar/avr-gcc/4.8.3/lib/gcc/avr/4.8.3/avr5/libgcc.a(_exit.o)
 .text.libgcc.div
                0x00000000000000c8        0x0 /usr/local/Cellar/avr-gcc/4.8.3/lib/gcc/avr/4.8.3/avr5/libgcc.a(_exit.o)
 .text.libgcc   0x00000000000000c8        0x0 /usr/local/Cellar/avr-gcc/4.8.3/lib/gcc/avr/4.8.3/avr5/libgcc.a(_exit.o)
 .text.libgcc.prologue
                0x00000000000000c8        0x0 /usr/local/Cellar/avr-gcc/4.8.3/lib/gcc/avr/4.8.3/avr5/libgcc.a(_exit.o)
 .text.libgcc.builtins
                0x00000000000000c8        0x0 /usr/local/Cellar/avr-gcc/4.8.3/lib/gcc/avr/4.8.3/avr5/libgcc.a(_exit.o)
 .text.libgcc.fmul
                0x00000000000000c8        0x0 /usr/local/Cellar/avr-gcc/4.8.3/lib/gcc/avr/4.8.3/avr5/libgcc.a(_exit.o)
 .text.libgcc.fixed
                0x00000000000000c8        0x0 /usr/local/Cellar/avr-gcc/4.8.3/lib/gcc/avr/4.8.3/avr5/libgcc.a(_exit.o)
                0x00000000000000c8                . = ALIGN (0x2)
 *(.fini9)
 .fini9         0x00000000000000c8        0x0 /usr/local/Cellar/avr-gcc/4.8.3/lib/gcc/avr/4.8.3/avr5/libgcc.a(_exit.o)
                0x00000000000000c8                exit
                0x00000000000000c8                _exit
 *(.fini9)
 *(.fini8)
 *(.fini8)
 *(.fini7)
 *(.fini7)
 *(.fini6)
 *(.fini6)
 *(.fini5)
 *(.fini5)
 *(.fini4)
 *(.fini4)
 *(.fini3)
 *(.fini3)
 *(.fini2)
 *(.fini2)
 *(.fini1)
 *(.fini1)
 *(.fini0)
 .fini0         0x00000000000000c8        0x4 /usr/local/Cellar/avr-gcc/4.8.3/lib/gcc/avr/4.8.3/avr5/libgcc.a(_exit.o)
 *(.fini0)
                0x00000000000000cc                _etext = .

.data           0x0000000000800100        0x0 load address 0x00000000000000cc
                0x0000000000800100                PROVIDE (__data_start, .)
 *(.data)
 .data          0x0000000000800100        0x0 /usr/local/Cellar/avr-gcc/4.8.3/lib/gcc/avr/4.8.3/../../../../avr/lib/avr5/crtm32u4.o
 .data          0x0000000000800100        0x0 Builds/main.o
 .data          0x0000000000800100        0x0 /usr/local/Cellar/avr-gcc/4.8.3/lib/gcc/avr/4.8.3/avr5/libgcc.a(_exit.o)
 *(.data*)
 *(.rodata)
 *(.rodata*)
 *(.gnu.linkonce.d*)
                0x0000000000800100                . = ALIGN (0x2)
                0x0000000000800100                _edata = .
                0x0000000000800100                PROVIDE (__data_end, .)

.bss            0x0000000000800100        0x0
                0x0000000000800100                PROVIDE (__bss_start, .)
 *(.bss)
 .bss           0x0000000000800100        0x0 /usr/local/Cellar/avr-gcc/4.8.3/lib/gcc/avr/4.8.3/../../../../avr/lib/avr5/crtm32u4.o
 .bss           0x0000000000800100        0x0 Builds/main.o
 .bss           0x0000000000800100        0x0 /usr/local/Cellar/avr-gcc/4.8.3/lib/gcc/avr/4.8.3/avr5/libgcc.a(_exit.o)
 *(.bss*)
 *(COMMON)
                0x0000000000800100                PROVIDE (__bss_end, .)
                0x00000000000000cc                __data_load_start = LOADADDR (.data)
                0x00000000000000cc                __data_load_end = (__data_load_start + SIZEOF (.data))

.noinit         0x0000000000800100        0x0
                0x0000000000800100                PROVIDE (__noinit_start, .)
 *(.noinit*)
                0x0000000000800100                PROVIDE (__noinit_end, .)
                0x0000000000800100                _end = .
                0x0000000000800100                PROVIDE (__heap_start, .)

.eeprom         0x0000000000810000        0x0
 *(.eeprom*)
                0x0000000000810000                __eeprom_end = .

.fuse
 *(.fuse)
 *(.lfuse)
 *(.hfuse)
 *(.efuse)

.lock
 *(.lock*)

.signature
 *(.signature*)

.stab           0x0000000000000000      0x510
 *(.stab)
 .stab          0x0000000000000000      0x510 Builds/main.o

.stabstr        0x0000000000000000      0xdb6
 *(.stabstr)
 .stabstr       0x0000000000000000      0xdb6 Builds/main.o

.stab.excl
 *(.stab.excl)

.stab.exclstr
 *(.stab.exclstr)

.stab.index
 *(.stab.index)

.stab.indexstr
 *(.stab.indexstr)

.comment        0x0000000000000000       0x11
 *(.comment)
 .comment       0x0000000000000000       0x11 Builds/main.o
                                         0x12 (size before relaxing)

.note.gnu.build-id
 *(.note.gnu.build-id)

.debug
 *(.debug)

.line
 *(.line)

.debug_srcinfo
 *(.debug_srcinfo)

.debug_sfnames
 *(.debug_sfnames)

.debug_aranges  0x0000000000000000       0x20
 *(.debug_aranges)
 .debug_aranges
                0x0000000000000000       0x20 /usr/local/Cellar/avr-gcc/4.8.3/lib/gcc/avr/4.8.3/avr5/libgcc.a(_exit.o)

.debug_pubnames
 *(.debug_pubnames)

.debug_info     0x0000000000000000      0xa80
 *(.debug_info .gnu.linkonce.wi.*)
 .debug_info    0x0000000000000000      0x9f4 /usr/local/Cellar/avr-gcc/4.8.3/lib/gcc/avr/4.8.3/../../../../avr/lib/avr5/crtm32u4.o
 .debug_info    0x00000000000009f4       0x8c /usr/local/Cellar/avr-gcc/4.8.3/lib/gcc/avr/4.8.3/avr5/libgcc.a(_exit.o)

.debug_abbrev   0x0000000000000000      0x97e
 *(.debug_abbrev)
 .debug_abbrev  0x0000000000000000      0x96a /usr/local/Cellar/avr-gcc/4.8.3/lib/gcc/avr/4.8.3/../../../../avr/lib/avr5/crtm32u4.o
 .debug_abbrev  0x000000000000096a       0x14 /usr/local/Cellar/avr-gcc/4.8.3/lib/gcc/avr/4.8.3/avr5/libgcc.a(_exit.o)

.debug_line     0x0000000000000000       0x78
 *(.debug_line .debug_line.* .debug_line_end)
 .debug_line    0x0000000000000000       0x1d /usr/local/Cellar/avr-gcc/4.8.3/lib/gcc/avr/4.8.3/../../../../avr/lib/avr5/crtm32u4.o
 .debug_line    0x000000000000001d       0x5b /usr/local/Cellar/avr-gcc/4.8.3/lib/gcc/avr/4.8.3/avr5/libgcc.a(_exit.o)

.debug_frame
 *(.debug_frame)

.debug_str      0x0000000000000000      0x371
 *(.debug_str)
 .debug_str     0x0000000000000000      0x371 /usr/local/Cellar/avr-gcc/4.8.3/lib/gcc/avr/4.8.3/../../../../avr/lib/avr5/crtm32u4.o

.debug_loc
 *(.debug_loc)

.debug_macinfo
 *(.debug_macinfo)

.debug_weaknames
 *(.debug_weaknames)

.debug_funcnames
 *(.debug_funcnames)

.debug_typenames
 *(.debug_typenames)

.debug_varnames
 *(.debug_varnames)

.debug_pubtypes
 *(.debug_pubtypes)

.debug_ranges
 *(.debug_ranges)

.debug_macro
 *(.debug_macro)
OUTPUT(Builds/main.elf elf32-avr)
LOAD linker stubs

Cross Reference Table

Symbol                                            File
__bad_interrupt                                   /usr/local/Cellar/avr-gcc/4.8.3/lib/gcc/avr/4.8.3/../../../../avr/lib/avr5/crtm32u4.o
__heap_end                                        /usr/local/Cellar/avr-gcc/4.8.3/lib/gcc/avr/4.8.3/../../../../avr/lib/avr5/crtm32u4.o
__init                                            /usr/local/Cellar/avr-gcc/4.8.3/lib/gcc/avr/4.8.3/../../../../avr/lib/avr5/crtm32u4.o
__stack                                           /usr/local/Cellar/avr-gcc/4.8.3/lib/gcc/avr/4.8.3/../../../../avr/lib/avr5/crtm32u4.o
__vector_1                                        /usr/local/Cellar/avr-gcc/4.8.3/lib/gcc/avr/4.8.3/../../../../avr/lib/avr5/crtm32u4.o
__vector_10                                       /usr/local/Cellar/avr-gcc/4.8.3/lib/gcc/avr/4.8.3/../../../../avr/lib/avr5/crtm32u4.o
__vector_11                                       /usr/local/Cellar/avr-gcc/4.8.3/lib/gcc/avr/4.8.3/../../../../avr/lib/avr5/crtm32u4.o
__vector_12                                       /usr/local/Cellar/avr-gcc/4.8.3/lib/gcc/avr/4.8.3/../../../../avr/lib/avr5/crtm32u4.o
__vector_13                                       /usr/local/Cellar/avr-gcc/4.8.3/lib/gcc/avr/4.8.3/../../../../avr/lib/avr5/crtm32u4.o
__vector_14                                       /usr/local/Cellar/avr-gcc/4.8.3/lib/gcc/avr/4.8.3/../../../../avr/lib/avr5/crtm32u4.o
__vector_15                                       /usr/local/Cellar/avr-gcc/4.8.3/lib/gcc/avr/4.8.3/../../../../avr/lib/avr5/crtm32u4.o
__vector_16                                       /usr/local/Cellar/avr-gcc/4.8.3/lib/gcc/avr/4.8.3/../../../../avr/lib/avr5/crtm32u4.o
__vector_17                                       /usr/local/Cellar/avr-gcc/4.8.3/lib/gcc/avr/4.8.3/../../../../avr/lib/avr5/crtm32u4.o
__vector_18                                       /usr/local/Cellar/avr-gcc/4.8.3/lib/gcc/avr/4.8.3/../../../../avr/lib/avr5/crtm32u4.o
__vector_19                                       /usr/local/Cellar/avr-gcc/4.8.3/lib/gcc/avr/4.8.3/../../../../avr/lib/avr5/crtm32u4.o
__vector_2                                        /usr/local/Cellar/avr-gcc/4.8.3/lib/gcc/avr/4.8.3/../../../../avr/lib/avr5/crtm32u4.o
__vector_20                                       /usr/local/Cellar/avr-gcc/4.8.3/lib/gcc/avr/4.8.3/../../../../avr/lib/avr5/crtm32u4.o
__vector_21                                       /usr/local/Cellar/avr-gcc/4.8.3/lib/gcc/avr/4.8.3/../../../../avr/lib/avr5/crtm32u4.o
__vector_22                                       /usr/local/Cellar/avr-gcc/4.8.3/lib/gcc/avr/4.8.3/../../../../avr/lib/avr5/crtm32u4.o
__vector_23                                       /usr/local/Cellar/avr-gcc/4.8.3/lib/gcc/avr/4.8.3/../../../../avr/lib/avr5/crtm32u4.o
__vector_24                                       /usr/local/Cellar/avr-gcc/4.8.3/lib/gcc/avr/4.8.3/../../../../avr/lib/avr5/crtm32u4.o
__vector_25                                       /usr/local/Cellar/avr-gcc/4.8.3/lib/gcc/avr/4.8.3/../../../../avr/lib/avr5/crtm32u4.o
__vector_26                                       /usr/local/Cellar/avr-gcc/4.8.3/lib/gcc/avr/4.8.3/../../../../avr/lib/avr5/crtm32u4.o
__vector_27                                       /usr/local/Cellar/avr-gcc/4.8.3/lib/gcc/avr/4.8.3/../../../../avr/lib/avr5/crtm32u4.o
__vector_28                                       /usr/local/Cellar/avr-gcc/4.8.3/lib/gcc/avr/4.8.3/../../../../avr/lib/avr5/crtm32u4.o
__vector_29                                       /usr/local/Cellar/avr-gcc/4.8.3/lib/gcc/avr/4.8.3/../../../../avr/lib/avr5/crtm32u4.o
__vector_3                                        /usr/local/Cellar/avr-gcc/4.8.3/lib/gcc/avr/4.8.3/../../../../avr/lib/avr5/crtm32u4.o
__vector_30                                       /usr/local/Cellar/avr-gcc/4.8.3/lib/gcc/avr/4.8.3/../../../../avr/lib/avr5/crtm32u4.o
__vector_31                                       /usr/local/Cellar/avr-gcc/4.8.3/lib/gcc/avr/4.8.3/../../../../avr/lib/avr5/crtm32u4.o
__vector_32                                       /usr/local/Cellar/avr-gcc/4.8.3/lib/gcc/avr/4.8.3/../../../../avr/lib/avr5/crtm32u4.o
__vector_33                                       /usr/local/Cellar/avr-gcc/4.8.3/lib/gcc/avr/4.8.3/../../../../avr/lib/avr5/crtm32u4.o
__vector_34                                       /usr/local/Cellar/avr-gcc/4.8.3/lib/gcc/avr/4.8.3/../../../../avr/lib/avr5/crtm32u4.o
__vector_35                                       /usr/local/Cellar/avr-gcc/4.8.3/lib/gcc/avr/4.8.3/../../../../avr/lib/avr5/crtm32u4.o
__vector_36                                       /usr/local/Cellar/avr-gcc/4.8.3/lib/gcc/avr/4.8.3/../../../../avr/lib/avr5/crtm32u4.o
__vector_37                                       /usr/local/Cellar/avr-gcc/4.8.3/lib/gcc/avr/4.8.3/../../../../avr/lib/avr5/crtm32u4.o
__vector_38                                       /usr/local/Cellar/avr-gcc/4.8.3/lib/gcc/avr/4.8.3/../../../../avr/lib/avr5/crtm32u4.o
__vector_39                                       /usr/local/Cellar/avr-gcc/4.8.3/lib/gcc/avr/4.8.3/../../../../avr/lib/avr5/crtm32u4.o
__vector_4                                        /usr/local/Cellar/avr-gcc/4.8.3/lib/gcc/avr/4.8.3/../../../../avr/lib/avr5/crtm32u4.o
__vector_40                                       /usr/local/Cellar/avr-gcc/4.8.3/lib/gcc/avr/4.8.3/../../../../avr/lib/avr5/crtm32u4.o
__vector_41                                       /usr/local/Cellar/avr-gcc/4.8.3/lib/gcc/avr/4.8.3/../../../../avr/lib/avr5/crtm32u4.o
__vector_42                                       /usr/local/Cellar/avr-gcc/4.8.3/lib/gcc/avr/4.8.3/../../../../avr/lib/avr5/crtm32u4.o
__vector_5                                        /usr/local/Cellar/avr-gcc/4.8.3/lib/gcc/avr/4.8.3/../../../../avr/lib/avr5/crtm32u4.o
__vector_6                                        /usr/local/Cellar/avr-gcc/4.8.3/lib/gcc/avr/4.8.3/../../../../avr/lib/avr5/crtm32u4.o
__vector_7                                        /usr/local/Cellar/avr-gcc/4.8.3/lib/gcc/avr/4.8.3/../../../../avr/lib/avr5/crtm32u4.o
__vector_8                                        /usr/local/Cellar/avr-gcc/4.8.3/lib/gcc/avr/4.8.3/../../../../avr/lib/avr5/crtm32u4.o
__vector_9                                        /usr/local/Cellar/avr-gcc/4.8.3/lib/gcc/avr/4.8.3/../../../../avr/lib/avr5/crtm32u4.o
__vector_default                                  /usr/local/Cellar/avr-gcc/4.8.3/lib/gcc/avr/4.8.3/../../../../avr/lib/avr5/crtm32u4.o
__vectors                                         /usr/local/Cellar/avr-gcc/4.8.3/lib/gcc/avr/4.8.3/../../../../avr/lib/avr5/crtm32u4.o
_exit                                             /usr/local/Cellar/avr-gcc/4.8.3/lib/gcc/avr/4.8.3/avr5/libgcc.a(_exit.o)
exit                                              /usr/local/Cellar/avr-gcc/4.8.3/lib/gcc/avr/4.8.3/avr5/libgcc.a(_exit.o)
                                                  /usr/local/Cellar/avr-gcc/4.8.3/lib/gcc/avr/4.8.3/../../../../avr/lib/avr5/crtm32u4.o
initIO                                            Builds/main.o
main                                              Builds/main.o
                                                  /usr/local/Cellar/avr-gcc/4.8.3/lib/gcc/avr/4.8.3/../../../../avr/lib/avr5/crtm32u4.o
